// Vitest Snapshot v1

exports[`Header > should render header component 1`] = `
.c1 {
  background: linear-gradient(180deg,#FF6F48 0.04%,#F02AA6 100%);
  line-height: 2.4rem;
  border-radius: 28px;
  padding: 1.6rem 3.2rem;
  border: none;
  font-size: 18px;
  font-weight: 700;
  -webkit-letter-spacing: 0px;
  -moz-letter-spacing: 0px;
  -ms-letter-spacing: 0px;
  letter-spacing: 0px;
  color: #FFFFFF;
  cursor: pointer;
  -webkit-transition: background 0.3s ease-in-out;
  transition: background 0.3s ease-in-out;
}

.c1:hover {
  opacity: 80%;
}

.c0 {
  max-width: 110rem;
  width: 100%;
  margin-top: 3.2rem;
  display: -webkit-box;
  display: -webkit-flex;
  display: -ms-flexbox;
  display: flex;
  -webkit-align-items: center;
  -webkit-box-align: center;
  -ms-flex-align: center;
  align-items: center;
  -webkit-box-pack: justify;
  -webkit-justify-content: space-between;
  -ms-flex-pack: justify;
  justify-content: space-between;
  margin-inline: auto;
  padding-inline: 1.6rem;
}

@media (max-width:768px) {
  .c0 {
    margin-top: 2.4rem;
  }
}

@media (max-width:450px) {
  .c0 {
    margin-top: 1.6rem;
  }
}

<header
  class="c0"
>
  <img
    alt="skilled"
    src="/src/assets/logo-dark.svg"
  />
  <button
    class="c1"
  >
    Get Started
  </button>
</header>
`;
